Start testing: Sep 06 21:09 中国标准时间
----------------------------------------------------------
1/3 Testing: stage1_function_timing_backpressure
1/3 Test: stage1_function_timing_backpressure
Command: "C:/Python314/python.exe" "D:/0_lzh/GPU/MOORE/tests/stage1/verify.py" "D:/0_lzh/GPU/MOORE/build/stage1_gcd.exe" "D:/0_lzh/GPU/MOORE/build/stage1-tests"
Directory: D:/0_lzh/GPU/MOORE/build
"stage1_function_timing_backpressure" start time: Sep 06 21:09 中国标准时间
Output:
----------------------------------------------------------
PASS single: 1 tasks, 12 cycles
PASS basic: 8 tasks, 79 cycles
PASS empty: 0 tasks, 1 cycles
PASS boundaries: 9 tasks, 58 cycles
PASS pipeline: 20 tasks, 25 cycles
PASS slow_sink: 24 tasks, 312 cycles
PASS random: 250 tasks, 11913 cycles
PASS random_buffered: 250 tasks, 11913 cycles
PASS extreme_grid: 49 tasks, 901 cycles
PASS fibonacci_consecutive: 17 tasks, 1054 cycles
PASS short_baseline: 40 tasks, 85 cycles
PASS short_with_long: 43 tasks, 306 cycles
PASS mixed_depth1: 43 tasks, 306 cycles
PASS short_depth1: 40 tasks, 85 cycles
PASS random_01: 64 tasks, 3064 cycles
PASS random_02: 64 tasks, 3059 cycles
PASS random_03: 64 tasks, 3011 cycles
PASS random_04: 64 tasks, 3077 cycles
PASS random_05: 64 tasks, 3058 cycles
PASS random_06: 64 tasks, 3012 cycles
PASS random_07: 64 tasks, 3014 cycles
PASS random_08: 64 tasks, 2997 cycles
PASS random_09: 64 tasks, 3011 cycles
PASS random_10: 64 tasks, 3057 cycles
Traceback (most recent call last):
  File "D:\0_lzh\GPU\MOORE\tests\stage1\verify.py", line 187, in <module>
    with (test_root / "summary.csv").open("w", newline="", encoding="utf-8") as test_stream:
         ~~~~~~~~~~~~~~~~~~~~~~~~~~~~~~~~^^^^^^^^^^^^^^^^^^^^^^^^^^^^^^^^^^^
  File "C:\Python314\Lib\pathlib\__init__.py", line 771, in open
    return io.open(self, mode, buffering, encoding, errors, newline)
           ~~~~~~~^^^^^^^^^^^^^^^^^^^^^^^^^^^^^^^^^^^^^^^^^^^^^^^^^^
PermissionError: [Errno 13] Permission denied: 'D:\\0_lzh\\GPU\\MOORE\\build\\stage1-tests\\summary.csv'
<end of output>
Test time =   1.09 sec
----------------------------------------------------------
Test Failed.
"stage1_function_timing_backpressure" end time: Sep 06 21:09 中国标准时间
"stage1_function_timing_backpressure" time elapsed: 00:00:01
----------------------------------------------------------

2/3 Testing: day01_signal_timing
2/3 Test: day01_signal_timing
Command: "D:/0_lzh/GPU/MOORE/build/day01_basics.exe"
Directory: D:/0_lzh/GPU/MOORE/build
"day01_signal_timing" start time: Sep 06 21:09 中国标准时间
Output:
----------------------------------------------------------

        SystemC 3.0.1-Accellera --- Sep  5 2026 21:41:55
        Copyright (c) 1996-2024 by all Contributors,
        ALL RIGHTS RESERVED

Info: (I703) tracing timescale unit set: 1 ns (day01_basics.vcd)
5 ns | edge 1 before update | output=0 expected=0
5 ns | edge 1 after update | output=0 expected=0
15 ns | edge 2 before update | output=0 expected=0
15 ns | edge 2 after update | output=10 expected=10
25 ns | edge 3 before update | output=10 expected=10
25 ns | edge 3 after update | output=20 expected=20

Info: /OSCI/SystemC: Simulation stopped by user.
PASS
<end of output>
Test time =   0.04 sec
----------------------------------------------------------
Test Passed.
"day01_signal_timing" end time: Sep 06 21:09 中国标准时间
"day01_signal_timing" time elapsed: 00:00:00
----------------------------------------------------------

3/3 Testing: stage2_handshake
3/3 Test: stage2_handshake
Command: "C:/Python314/python.exe" "D:/0_lzh/GPU/MOORE/tests/handshake/verify.py" "D:/0_lzh/GPU/MOORE/build/stage2_gcd.exe" "D:/0_lzh/GPU/MOORE/build/stage2-tests" "1"
Directory: D:/0_lzh/GPU/MOORE/build
"stage2_handshake" start time: Sep 06 21:09 中国标准时间
Output:
----------------------------------------------------------
PASS single: 1 tasks, 11 cycles, 0 blocked
PASS empty: 0 tasks, 1 cycles, 0 blocked
PASS basic: 8 tasks, 78 cycles, 53 blocked
PASS zero_pipeline: 24 tasks, 51 cycles, 0 blocked
PASS slow_sink: 40 tasks, 520 cycles, 451 blocked
PASS extreme_grid: 49 tasks, 900 cycles, 844 blocked
PASS fibonacci_consecutive: 17 tasks, 1053 cycles, 958 blocked
PASS short_baseline: 40 tasks, 84 cycles, 0 blocked
PASS short_with_long: 43 tasks, 305 cycles, 257 blocked
PASS random_01: 64 tasks, 3063 cycles, 2949 blocked
PASS random_02: 64 tasks, 3058 cycles, 2947 blocked
PASS random_03: 64 tasks, 3010 cycles, 2894 blocked
PASS random_04: 64 tasks, 3076 cycles, 2955 blocked
PASS random_05: 64 tasks, 3057 cycles, 2946 blocked
PASS random_06: 64 tasks, 3011 cycles, 2898 blocked
PASS random_07: 64 tasks, 3013 cycles, 2904 blocked
PASS random_08: 64 tasks, 2996 cycles, 2882 blocked
PASS random_09: 64 tasks, 3010 cycles, 2888 blocked
PASS random_10: 64 tasks, 3056 cycles, 2945 blocked
PASS 19 handshake scenarios and invalid inputs
<end of output>
Test time =   0.87 sec
----------------------------------------------------------
Test Passed.
"stage2_handshake" end time: Sep 06 21:09 中国标准时间
"stage2_handshake" time elapsed: 00:00:00
----------------------------------------------------------

End testing: Sep 06 21:09 中国标准时间
