[0/1] Re-running CMake...
-- Checking OS and processor type.
-- Detect the target processor architecture for QuickThreads.
-- ========================================================================
-- Settings to build SystemC 3.0.1 (20241015) and TLM 2.0.6 (20191203)
-- ------------------------------------------------------------------------
-- BUILD_SHARED_LIBS = OFF
-- BUILD_SOURCE_DOCUMENTATION = OFF
-- ENABLE_EXAMPLES = OFF
-- ENABLE_REGRESSION = OFF
-- CMAKE_BUILD_TYPE = Release
-- DISABLE_COPYRIGHT_MESSAGE = OFF
-- DISABLE_VCD_SCOPES = OFF
-- ENABLE_ASSERTIONS = ON
-- ENABLE_PTHREADS = OFF
-- SystemC_TARGET_ARCH = mingw64
-- SystemCLanguage_VERSION = 3.0.1
-- SystemCTLM_VERSION = 2.0.6
-- INSTALL_TO_LIB_BUILD_TYPE_DIR = OFF
-- INSTALL_TO_LIB_TARGET_ARCH_DIR = OFF
-- INSTALL_LIB_TARGET_ARCH_SYMLINK =
-- ------------------------------------------------------------------------
-- CMAKE_SYSTEM = Windows-6.2.9200
-- CMAKE_SYSTEM_PROCESSOR = AMD64
-- QT_ARCH = x86_64
-- ------------------------------------------------------------------------
-- CMAKE_INSTALL_PREFIX = C:/Program Files/SystemC
-- CMAKE_INSTALL_BINDIR = bin
-- CMAKE_INSTALL_DOCDIR = share/doc/systemc
-- CMAKE_INSTALL_INCLUDEDIR = include
-- CMAKE_INSTALL_LIBDIR = lib
-- INSTALL_CMAKEDIR =
-- ========================================================================
-- Configuring done (1.1s)
-- Generating done (0.1s)
-- Build files have been written to: D:/0_lzh/GPU/MOORE/build
[1/24] Building CXX object CMakeFiles/stage4_gcd.dir/src/stage4/types.cpp.obj
[2/24] Building CXX object CMakeFiles/stage4_gcd.dir/src/stage4/output.cpp.obj
[3/24] Building CXX object CMakeFiles/stage4_gcd.dir/src/stage4/parser.cpp.obj
[4/24] Building CXX object CMakeFiles/stage4_gcd.dir/src/stage4/payload.cpp.obj
[5/24] Building CXX object CMakeFiles/stage4_gcd.dir/src/stage4/transform.cpp.obj
[6/24] Building CXX object CMakeFiles/stage4_gcd.dir/src/stage4/compute.cpp.obj
[7/24] Building CXX object CMakeFiles/stage4_gcd.dir/src/stage4/common/task_statistics.cpp.obj
[8/24] Building CXX object CMakeFiles/stage4_gcd.dir/src/stage4/dispatcher.cpp.obj
[9/24] Building CXX object CMakeFiles/stage4_gcd.dir/src/stage4/model/functional/operands.cpp.obj
[10/24] Building CXX object CMakeFiles/stage4_gcd.dir/src/stage4/main.cpp.obj
[11/24] Building CXX object CMakeFiles/stage4_gcd.dir/src/stage4/model/timing/gcd_plan.cpp.obj
[12/24] Building CXX object CMakeFiles/stage4_gcd.dir/src/stage4/model/instrumentation/statistics.cpp.obj
[13/24] Building CXX object CMakeFiles/stage4_gcd.dir/src/stage4/collector.cpp.obj
[14/24] Building CXX object CMakeFiles/stage4_gcd.dir/src/stage4/model/timing/simulation_time.cpp.obj
[15/24] Building CXX object CMakeFiles/stage4_gcd.dir/src/stage4/model/instrumentation/event_recorder.cpp.obj
[16/24] Building CXX object CMakeFiles/stage4_parser_checks.dir/src/stage4/types.cpp.obj
[17/24] Building CXX object CMakeFiles/stage4_parser_checks.dir/src/stage4/common/task_statistics.cpp.obj
[18/24] Building CXX object CMakeFiles/stage4_parser_checks.dir/src/stage4/parser.cpp.obj
[19/24] Building CXX object CMakeFiles/stage4_parser_checks.dir/tests/stage4/parser_timing.cpp.obj
In file included from D:/0_lzh/GPU/MOORE/third_party/systemc/src/systemc:86,
                 from D:/0_lzh/GPU/MOORE/src/stage4/parser.hpp:12,
                 from D:/0_lzh/GPU/MOORE/tests/stage4/parser_timing.cpp:5:
D:/0_lzh/GPU/MOORE/third_party/systemc/src/sysc/communication/sc_fifo.h: In instantiation of 'void sc_core::sc_fifo<IF>::read(T&) [with T = stage4::RawTask]':
D:/0_lzh/GPU/MOORE/third_party/systemc/src/sysc/communication/sc_fifo.h:221:1:   required from here
D:/0_lzh/GPU/MOORE/third_party/systemc/src/sysc/communication/sc_fifo.h:226:10: warning: unused variable 'read_success' [-Wunused-variable]
  226 |     bool read_success = sc_fifo<T>::nb_read(val_);
      |          ^~~~~~~~~~~~
D:/0_lzh/GPU/MOORE/third_party/systemc/src/sysc/communication/sc_fifo.h: In instantiation of 'void sc_core::sc_fifo<IF>::write(const T&) [with T = stage4::RawTask]':
D:/0_lzh/GPU/MOORE/third_party/systemc/src/sysc/communication/sc_fifo.h:264:1:   required from here
D:/0_lzh/GPU/MOORE/third_party/systemc/src/sysc/communication/sc_fifo.h:269:10: warning: unused variable 'write_success' [-Wunused-variable]
  269 |     bool write_success = sc_fifo<T>::nb_write(val_);
      |          ^~~~~~~~~~~~~
[20/24] Linking CXX executable stage4_gcd.exe
[21/24] Building CXX object CMakeFiles/stage4_parser_checks.dir/src/stage4/model/timing/simulation_time.cpp.obj
[22/24] Building CXX object CMakeFiles/stage4_parser_checks.dir/src/stage4/model/instrumentation/event_recorder.cpp.obj
[23/24] Linking CXX executable stage4_parser_checks.exe
