-- The CXX compiler identification is GNU 11.4.0
-- Detecting CXX compiler ABI info
-- Detecting CXX compiler ABI info - done
-- Check for working CXX compiler: /usr/bin/c++ - skipped
-- Detecting CXX compile features
-- Detecting CXX compile features - done
-- The C compiler identification is GNU 11.4.0
-- Detecting C compiler ABI info
-- Detecting C compiler ABI info - done
-- Check for working C compiler: /usr/bin/cc - skipped
-- Detecting C compile features
-- Detecting C compile features - done
-- Checking OS and processor type.
-- Looking for __x86_64__
-- Looking for __x86_64__ - found
-- Looking for __i386
-- Looking for __i386 - not found
-- Looking for __aarch64__
-- Looking for __aarch64__ - not found
-- Detect the target processor architecture for QuickThreads.
-- The ASM compiler identification is GNU
-- Found assembler: /usr/bin/cc
-- Looking for pthread.h
-- Looking for pthread.h - found
-- Performing Test CMAKE_HAVE_LIBC_PTHREAD
-- Performing Test CMAKE_HAVE_LIBC_PTHREAD - Success
-- Found Threads: TRUE
-- ========================================================================
-- Settings to build SystemC 3.0.1 (20241015) and TLM 2.0.6 (20191203)
-- ------------------------------------------------------------------------
-- BUILD_SHARED_LIBS = OFF
-- BUILD_SOURCE_DOCUMENTATION = OFF
-- ENABLE_EXAMPLES = OFF
-- ENABLE_REGRESSION = OFF
-- CMAKE_BUILD_TYPE = RelWithDebInfo
-- DISABLE_COPYRIGHT_MESSAGE = OFF
-- DISABLE_VCD_SCOPES = OFF
-- ENABLE_ASSERTIONS = ON
-- ENABLE_PTHREADS = OFF
-- SystemC_TARGET_ARCH = linux64
-- SystemCLanguage_VERSION = 3.0.1
-- SystemCTLM_VERSION = 2.0.6
-- INSTALL_TO_LIB_BUILD_TYPE_DIR = OFF
-- INSTALL_TO_LIB_TARGET_ARCH_DIR = OFF
-- INSTALL_LIB_TARGET_ARCH_SYMLINK = OFF
-- ------------------------------------------------------------------------
-- CMAKE_SYSTEM = Linux-6.18.33.2-microsoft-standard-WSL2
-- CMAKE_SYSTEM_PROCESSOR = x86_64
-- QT_ARCH = x86_64
-- ------------------------------------------------------------------------
-- CMAKE_INSTALL_PREFIX = /opt/systemc
-- CMAKE_INSTALL_BINDIR = bin
-- CMAKE_INSTALL_DOCDIR = share/doc/systemc
-- CMAKE_INSTALL_INCLUDEDIR = include
-- CMAKE_INSTALL_LIBDIR = lib
-- INSTALL_CMAKEDIR =
-- ========================================================================
-- Found Python3: /usr/bin/python3.10 (found version "3.10.12") found components: Interpreter
-- Configuring done
-- Generating done
-- Build files have been written to: /mnt/d/0_lzh/GPU/MOORE/build-linux/perf-trace
