Scanning dependencies of target systemc
Consolidate compiler generated dependencies of target systemc
[ 48%] Built target systemc
[ 48%] Building CXX object CMakeFiles/stage4_trace_checks.dir/tests/stage4/trace_ordering.cpp.o
[ 49%] Building CXX object CMakeFiles/stage4_trace_checks.dir/src/stage4/common/task_statistics.cpp.o
[ 49%] Building CXX object CMakeFiles/stage4_trace_checks.dir/src/stage4/model/timing/simulation_time.cpp.o
Consolidate compiler generated dependencies of target day01_basics
[ 50%] Built target day01_basics
[ 51%] Building CXX object CMakeFiles/stage4_trace_checks.dir/src/stage4/model/instrumentation/event_recorder.cpp.o
Consolidate compiler generated dependencies of target model_support
[ 52%] Building CXX object CMakeFiles/model_support.dir/src/model/timing/gcd_plan.cpp.o
[ 53%] Building CXX object CMakeFiles/model_support.dir/src/model/instrumentation/event_recorder.cpp.o
Consolidate compiler generated dependencies of target stage4_parser_checks
[ 53%] Building CXX object CMakeFiles/stage4_parser_checks.dir/tests/stage4/parser_timing.cpp.o
[ 54%] Building CXX object CMakeFiles/stage4_parser_checks.dir/src/stage4/parser.cpp.o
[ 54%] Building CXX object CMakeFiles/stage4_parser_checks.dir/src/stage4/types.cpp.o
[ 54%] Linking CXX static library libmodel_support.a
[ 55%] Building CXX object CMakeFiles/stage4_parser_checks.dir/src/stage4/model/instrumentation/event_recorder.cpp.o
[ 56%] Built target model_support
[ 56%] Linking CXX executable stage4_trace_checks
Consolidate compiler generated dependencies of target stage4_gcd
Consolidate compiler generated dependencies of target stage4_entry_checks
[ 56%] Building CXX object CMakeFiles/stage4_gcd.dir/src/stage4/main.cpp.o
[ 57%] Building CXX object CMakeFiles/stage4_entry_checks.dir/tests/contracts/model_entry.cpp.o
[ 57%] Building CXX object CMakeFiles/stage4_entry_checks.dir/src/stage4/types.cpp.o
[ 58%] Building CXX object CMakeFiles/stage4_gcd.dir/src/stage4/types.cpp.o
[ 59%] Building CXX object CMakeFiles/stage4_entry_checks.dir/src/stage4/parser.cpp.o
[ 60%] Linking CXX executable stage4_parser_checks
[ 61%] Building CXX object CMakeFiles/stage4_gcd.dir/src/stage4/parser.cpp.o
Consolidate compiler generated dependencies of target handshake_modules
Consolidate compiler generated dependencies of target stage1_gcd
[ 61%] Building CXX object CMakeFiles/handshake_modules.dir/src/stage1/types.cpp.o
[ 62%] Building CXX object CMakeFiles/stage1_gcd.dir/src/stage1/main.cpp.o
[ 63%] Building CXX object CMakeFiles/handshake_modules.dir/src/stage1/parser.cpp.o
[ 63%] Building CXX object CMakeFiles/stage4_gcd.dir/src/stage4/output.cpp.o
[ 63%] Building CXX object CMakeFiles/handshake_modules.dir/src/stage1/output.cpp.o
[ 64%] Building CXX object CMakeFiles/stage4_gcd.dir/src/stage4/payload.cpp.o
[ 64%] Building CXX object CMakeFiles/stage4_entry_checks.dir/src/stage4/output.cpp.o
[ 64%] Building CXX object CMakeFiles/stage1_gcd.dir/src/stage1/types.cpp.o
Consolidate compiler generated dependencies of target stage1_entry_checks
[ 65%] Building CXX object CMakeFiles/stage1_entry_checks.dir/tests/contracts/model_entry.cpp.o
[ 66%] Building CXX object CMakeFiles/stage1_gcd.dir/src/stage1/parser.cpp.o
[ 66%] Built target stage4_trace_checks
[ 66%] Building CXX object CMakeFiles/stage1_gcd.dir/src/stage1/transform.cpp.o
[ 66%] Building CXX object CMakeFiles/stage1_entry_checks.dir/src/stage1/types.cpp.o
[ 67%] Building CXX object CMakeFiles/stage4_entry_checks.dir/src/stage4/payload.cpp.o
[ 68%] Built target stage4_parser_checks
[ 68%] Building CXX object CMakeFiles/stage4_entry_checks.dir/src/stage4/transform.cpp.o
[ 68%] Building CXX object CMakeFiles/stage4_gcd.dir/src/stage4/transform.cpp.o
[ 69%] Building CXX object CMakeFiles/stage4_gcd.dir/src/stage4/compute.cpp.o
[ 70%] Building CXX object CMakeFiles/handshake_modules.dir/src/stage2/payload.cpp.o
[ 71%] Building CXX object CMakeFiles/stage4_entry_checks.dir/src/stage4/compute.cpp.o
[ 72%] Building CXX object CMakeFiles/stage1_gcd.dir/src/stage1/compute.cpp.o
[ 72%] Building CXX object CMakeFiles/stage4_entry_checks.dir/src/stage4/dispatcher.cpp.o
[ 73%] Building CXX object CMakeFiles/stage1_entry_checks.dir/src/stage1/parser.cpp.o
[ 73%] Building CXX object CMakeFiles/handshake_modules.dir/src/stage2/transform.cpp.o
[ 74%] Building CXX object CMakeFiles/handshake_modules.dir/src/stage2/compute.cpp.o
[ 75%] Building CXX object CMakeFiles/stage1_gcd.dir/src/stage1/output.cpp.o
[ 75%] Building CXX object CMakeFiles/stage4_gcd.dir/src/stage4/dispatcher.cpp.o
[ 76%] Building CXX object CMakeFiles/stage4_gcd.dir/src/stage4/collector.cpp.o
[ 77%] Building CXX object CMakeFiles/stage4_entry_checks.dir/src/stage4/collector.cpp.o
[ 78%] Building CXX object CMakeFiles/stage1_entry_checks.dir/src/stage1/transform.cpp.o
[ 79%] Building CXX object CMakeFiles/stage4_entry_checks.dir/src/stage4/model/timing/gcd_plan.cpp.o
[ 79%] Linking CXX executable stage1_gcd
[ 79%] Building CXX object CMakeFiles/stage4_gcd.dir/src/stage4/model/timing/gcd_plan.cpp.o
[ 80%] Linking CXX static library libhandshake_modules.a
[ 81%] Building CXX object CMakeFiles/stage4_entry_checks.dir/src/stage4/model/instrumentation/event_recorder.cpp.o
[ 82%] Building CXX object CMakeFiles/stage4_gcd.dir/src/stage4/model/instrumentation/event_recorder.cpp.o
[ 82%] Building CXX object CMakeFiles/stage1_entry_checks.dir/src/stage1/compute.cpp.o
[ 83%] Building CXX object CMakeFiles/stage1_entry_checks.dir/src/stage1/output.cpp.o
[ 84%] Linking CXX executable stage4_gcd
[ 85%] Linking CXX executable stage4_entry_checks
[ 85%] Built target handshake_modules
Consolidate compiler generated dependencies of target stage2_gcd
[ 85%] Linking CXX executable stage1_entry_checks
Consolidate compiler generated dependencies of target contract_checks
[ 86%] Building CXX object CMakeFiles/stage2_gcd.dir/src/stage2/main.cpp.o
[ 86%] Building CXX object CMakeFiles/contract_checks.dir/tests/contracts/verify.cpp.o
Consolidate compiler generated dependencies of target stage3_gcd
Consolidate compiler generated dependencies of target stage3_window_gcd
[ 87%] Building CXX object CMakeFiles/stage3_gcd.dir/src/stage3/main.cpp.o
[ 87%] Building CXX object CMakeFiles/stage3_window_gcd.dir/src/stage3_window/main.cpp.o
[ 88%] Linking CXX executable contract_checks
[ 88%] Built target stage1_gcd
[ 89%] Building CXX object CMakeFiles/stage3_window_gcd.dir/src/stage3_window/dispatcher.cpp.o
[ 89%] Linking CXX executable stage2_gcd
[ 90%] Building CXX object CMakeFiles/stage3_gcd.dir/src/stage3/dispatcher.cpp.o
[ 90%] Building CXX object CMakeFiles/stage3_gcd.dir/src/stage3/collector.cpp.o
[ 92%] Built target stage4_gcd
[ 93%] Built target stage4_entry_checks
[ 94%] Building CXX object CMakeFiles/stage3_window_gcd.dir/src/stage3_window/collector.cpp.o
Consolidate compiler generated dependencies of target stage2_entry_checks
[ 95%] Building CXX object CMakeFiles/stage2_entry_checks.dir/tests/contracts/model_entry.cpp.o
[ 96%] Linking CXX executable stage3_gcd
Consolidate compiler generated dependencies of target stage3_entry_checks
[ 96%] Built target stage1_entry_checks
[ 97%] Building CXX object CMakeFiles/stage3_entry_checks.dir/tests/contracts/model_entry.cpp.o
[ 97%] Building CXX object CMakeFiles/stage3_entry_checks.dir/src/stage3/dispatcher.cpp.o
Consolidate compiler generated dependencies of target stage3_window_entry_checks
[ 97%] Building CXX object CMakeFiles/stage3_window_entry_checks.dir/tests/contracts/model_entry.cpp.o
[ 97%] Built target contract_checks
[ 98%] Building CXX object CMakeFiles/stage3_window_entry_checks.dir/src/stage3_window/dispatcher.cpp.o
[ 98%] Linking CXX executable stage3_window_gcd
[ 99%] Building CXX object CMakeFiles/stage3_entry_checks.dir/src/stage3/collector.cpp.o
[ 99%] Linking CXX executable stage2_entry_checks
[ 99%] Building CXX object CMakeFiles/stage3_window_entry_checks.dir/src/stage3_window/collector.cpp.o
[ 99%] Built target stage2_gcd
[ 99%] Linking CXX executable stage3_entry_checks
[100%] Linking CXX executable stage3_window_entry_checks
[100%] Built target stage3_gcd
[100%] Built target stage3_window_gcd
[100%] Built target stage2_entry_checks
[100%] Built target stage3_entry_checks
[100%] Built target stage3_window_entry_checks
