-- Checking OS and processor type.
-- Detect the target processor architecture for QuickThreads.
-- ========================================================================
-- Settings to build SystemC 3.0.1 (20241015) and TLM 2.0.6 (20191203)
-- ------------------------------------------------------------------------
-- BUILD_SHARED_LIBS = OFF
-- BUILD_SOURCE_DOCUMENTATION = OFF
-- ENABLE_EXAMPLES = OFF
-- ENABLE_REGRESSION = OFF
-- CMAKE_BUILD_TYPE = RelWithDebInfo
-- DISABLE_COPYRIGHT_MESSAGE = OFF
-- DISABLE_VCD_SCOPES = OFF
-- ENABLE_ASSERTIONS = ON
-- ENABLE_PTHREADS = OFF
-- SystemC_TARGET_ARCH = linux64
-- SystemCLanguage_VERSION = 3.0.1
-- SystemCTLM_VERSION = 2.0.6
-- INSTALL_TO_LIB_BUILD_TYPE_DIR = OFF
-- INSTALL_TO_LIB_TARGET_ARCH_DIR = OFF
-- INSTALL_LIB_TARGET_ARCH_SYMLINK = OFF
-- ------------------------------------------------------------------------
-- CMAKE_SYSTEM = Linux-6.18.33.2-microsoft-standard-WSL2
-- CMAKE_SYSTEM_PROCESSOR = x86_64
-- QT_ARCH = x86_64
-- ------------------------------------------------------------------------
-- CMAKE_INSTALL_PREFIX = /opt/systemc
-- CMAKE_INSTALL_BINDIR = bin
-- CMAKE_INSTALL_DOCDIR = share/doc/systemc
-- CMAKE_INSTALL_INCLUDEDIR = include
-- CMAKE_INSTALL_LIBDIR = lib
-- INSTALL_CMAKEDIR =
-- ========================================================================
-- Configuring done
-- Generating done
-- Build files have been written to: /mnt/d/0_lzh/GPU/MOORE/build-linux/perf-trace
Scanning dependencies of target systemc
Consolidate compiler generated dependencies of target systemc
[ 84%] Built target systemc
Consolidate compiler generated dependencies of target stage4_gcd
[ 84%] Building CXX object CMakeFiles/stage4_gcd.dir/src/stage4/main.cpp.o
[ 87%] Building CXX object CMakeFiles/stage4_gcd.dir/src/stage4/types.cpp.o
[ 87%] Building CXX object CMakeFiles/stage4_gcd.dir/src/stage4/parser.cpp.o
[ 87%] Building CXX object CMakeFiles/stage4_gcd.dir/src/stage4/output.cpp.o
[ 87%] Building CXX object CMakeFiles/stage4_gcd.dir/src/stage4/transform.cpp.o
[ 89%] Building CXX object CMakeFiles/stage4_gcd.dir/src/stage4/dispatcher.cpp.o
[ 89%] Building CXX object CMakeFiles/stage4_gcd.dir/src/stage4/compute.cpp.o
[ 91%] Building CXX object CMakeFiles/stage4_gcd.dir/src/stage4/collector.cpp.o
[ 92%] Building CXX object CMakeFiles/stage4_gcd.dir/src/stage4/model/instrumentation/event_recorder.cpp.o
[ 94%] Linking CXX executable stage4_gcd
[100%] Built target stage4_gcd
gmake: *** No rule to make target 'stage4_trace_checks'.  Stop.
