-- Checking OS and processor type.
-- Detect the target processor architecture for QuickThreads.
-- ========================================================================
-- Settings to build SystemC 3.0.1 (20241015) and TLM 2.0.6 (20191203)
-- ------------------------------------------------------------------------
-- BUILD_SHARED_LIBS = OFF
-- BUILD_SOURCE_DOCUMENTATION = OFF
-- ENABLE_EXAMPLES = OFF
-- ENABLE_REGRESSION = OFF
-- CMAKE_BUILD_TYPE = Release
-- DISABLE_COPYRIGHT_MESSAGE = OFF
-- DISABLE_VCD_SCOPES = OFF
-- ENABLE_ASSERTIONS = ON
-- ENABLE_PTHREADS = OFF
-- SystemC_TARGET_ARCH = mingw64
-- SystemCLanguage_VERSION = 3.0.1
-- SystemCTLM_VERSION = 2.0.6
-- INSTALL_TO_LIB_BUILD_TYPE_DIR = OFF
-- INSTALL_TO_LIB_TARGET_ARCH_DIR = OFF
-- INSTALL_LIB_TARGET_ARCH_SYMLINK =
-- ------------------------------------------------------------------------
-- CMAKE_SYSTEM = Windows-6.2.9200
-- CMAKE_SYSTEM_PROCESSOR = AMD64
-- QT_ARCH = x86_64
-- ------------------------------------------------------------------------
-- CMAKE_INSTALL_PREFIX = C:/Program Files/SystemC
-- CMAKE_INSTALL_BINDIR = bin
-- CMAKE_INSTALL_DOCDIR = share/doc/systemc
-- CMAKE_INSTALL_INCLUDEDIR = include
-- CMAKE_INSTALL_LIBDIR = lib
-- INSTALL_CMAKEDIR =
-- ========================================================================
-- Configuring done (1.1s)
-- Generating done (0.1s)
-- Build files have been written to: D:/0_lzh/GPU/MOORE/build
