[1/48] Building CXX object CMakeFiles/stage4_gcd.dir/src/stage4/types.cpp.obj
[2/48] Building CXX object CMakeFiles/stage4_gcd.dir/src/stage4/output.cpp.obj
[3/48] Building CXX object CMakeFiles/stage4_gcd.dir/src/stage4/parser.cpp.obj
[4/48] Building CXX object CMakeFiles/stage4_gcd.dir/src/stage4/transform.cpp.obj
[5/48] Building CXX object CMakeFiles/stage4_gcd.dir/src/stage4/compute.cpp.obj
[6/48] Building CXX object CMakeFiles/stage4_gcd.dir/src/stage4/model/instrumentation/event_recorder.cpp.obj
[7/48] Building CXX object CMakeFiles/stage4_parser_checks.dir/src/stage4/types.cpp.obj
[8/48] Building CXX object CMakeFiles/stage4_gcd.dir/src/stage4/dispatcher.cpp.obj
[9/48] Building CXX object CMakeFiles/stage4_gcd.dir/src/stage4/collector.cpp.obj
[10/48] Building CXX object CMakeFiles/stage4_parser_checks.dir/src/stage4/model/instrumentation/event_recorder.cpp.obj
[11/48] Building CXX object CMakeFiles/stage4_parser_checks.dir/src/stage4/parser.cpp.obj
[12/48] Building CXX object CMakeFiles/stage1_gcd.dir/src/stage1/main.cpp.obj
[13/48] Building CXX object CMakeFiles/stage4_parser_checks.dir/tests/stage4/parser_timing.cpp.obj
[14/48] Building CXX object CMakeFiles/stage2_gcd.dir/src/stage2/main.cpp.obj
[15/48] Building CXX object CMakeFiles/stage4_trace_checks.dir/src/stage4/common/task_statistics.cpp.obj
[16/48] Building CXX object CMakeFiles/stage4_trace_checks.dir/src/stage4/model/instrumentation/event_recorder.cpp.obj
[17/48] Building CXX object CMakeFiles/stage4_gcd.dir/src/stage4/main.cpp.obj
[18/48] Building CXX object CMakeFiles/stage4_trace_checks.dir/src/stage4/model/timing/simulation_time.cpp.obj
[19/48] Building CXX object CMakeFiles/stage4_trace_checks.dir/tests/stage4/trace_ordering.cpp.obj
[20/48] Building CXX object CMakeFiles/stage3_gcd.dir/src/stage3/dispatcher.cpp.obj
[21/48] Building CXX object CMakeFiles/stage3_entry_checks.dir/src/stage3/dispatcher.cpp.obj
[22/48] Building CXX object CMakeFiles/stage4_entry_checks.dir/src/stage4/types.cpp.obj
[23/48] Building CXX object CMakeFiles/stage1_entry_checks.dir/tests/contracts/model_entry.cpp.obj
[24/48] Building CXX object CMakeFiles/stage3_gcd.dir/src/stage3/main.cpp.obj
[25/48] Building CXX object CMakeFiles/stage2_entry_checks.dir/tests/contracts/model_entry.cpp.obj
[26/48] Building CXX object CMakeFiles/stage3_window_gcd.dir/src/stage3_window/main.cpp.obj
[27/48] Building CXX object CMakeFiles/stage3_entry_checks.dir/tests/contracts/model_entry.cpp.obj
[28/48] Building CXX object CMakeFiles/stage4_entry_checks.dir/src/stage4/parser.cpp.obj
[29/48] Building CXX object CMakeFiles/stage4_entry_checks.dir/src/stage4/output.cpp.obj
[30/48] Building CXX object CMakeFiles/stage4_entry_checks.dir/src/stage4/model/instrumentation/event_recorder.cpp.obj
[31/48] Building CXX object CMakeFiles/stage4_entry_checks.dir/src/stage4/transform.cpp.obj
[32/48] Building CXX object CMakeFiles/stage3_window_entry_checks.dir/tests/contracts/model_entry.cpp.obj
[33/48] Linking CXX executable stage1_gcd.exe
[34/48] Building CXX object CMakeFiles/stage4_entry_checks.dir/src/stage4/compute.cpp.obj
[35/48] Linking CXX executable stage2_gcd.exe
[36/48] Linking CXX executable stage4_parser_checks.exe
[37/48] Linking CXX executable stage4_gcd.exe
[38/48] Linking CXX executable stage4_trace_checks.exe
[39/48] Building CXX object CMakeFiles/stage4_entry_checks.dir/src/stage4/collector.cpp.obj
[40/48] Linking CXX executable stage2_entry_checks.exe
[41/48] Linking CXX executable stage3_gcd.exe
[42/48] Linking CXX executable stage1_entry_checks.exe
[43/48] Linking CXX executable stage3_entry_checks.exe
[44/48] Linking CXX executable stage3_window_gcd.exe
[45/48] Linking CXX executable stage3_window_entry_checks.exe
[46/48] Building CXX object CMakeFiles/stage4_entry_checks.dir/src/stage4/dispatcher.cpp.obj
[47/48] Building CXX object CMakeFiles/stage4_entry_checks.dir/tests/contracts/model_entry.cpp.obj
[48/48] Linking CXX executable stage4_entry_checks.exe
