[ 48%] Built target systemc
[ 49%] Building CXX object CMakeFiles/model_support.dir/src/model/instrumentation/event_recorder.cpp.o
[ 52%] Built target stage4_trace_checks
[ 55%] Built target stage4_parser_checks
[ 64%] Built target stage4_gcd
Consolidate compiler generated dependencies of target day01_basics
[ 65%] Built target day01_basics
[ 65%] Linking CXX static library libmodel_support.a
[ 67%] Built target model_support
[ 67%] Building CXX object CMakeFiles/handshake_modules.dir/src/stage1/types.cpp.o
[ 68%] Building CXX object CMakeFiles/handshake_modules.dir/src/stage1/parser.cpp.o
[ 69%] Building CXX object CMakeFiles/handshake_modules.dir/src/stage1/output.cpp.o
[ 69%] Building CXX object CMakeFiles/handshake_modules.dir/src/stage2/payload.cpp.o
[ 69%] Building CXX object CMakeFiles/handshake_modules.dir/src/stage2/transform.cpp.o
Consolidate compiler generated dependencies of target stage4_entry_checks
[ 70%] Building CXX object CMakeFiles/handshake_modules.dir/src/stage2/compute.cpp.o
[ 79%] Built target stage4_entry_checks
Consolidate compiler generated dependencies of target stage1_entry_checks
Consolidate compiler generated dependencies of target stage1_gcd
[ 81%] Building CXX object CMakeFiles/stage1_entry_checks.dir/src/stage1/types.cpp.o
[ 81%] Building CXX object CMakeFiles/stage1_entry_checks.dir/tests/contracts/model_entry.cpp.o
[ 81%] Building CXX object CMakeFiles/stage1_gcd.dir/src/stage1/main.cpp.o
[ 82%] Building CXX object CMakeFiles/stage1_entry_checks.dir/src/stage1/parser.cpp.o
[ 83%] Building CXX object CMakeFiles/stage1_entry_checks.dir/src/stage1/transform.cpp.o
[ 83%] Building CXX object CMakeFiles/stage1_entry_checks.dir/src/stage1/compute.cpp.o
[ 84%] Building CXX object CMakeFiles/stage1_entry_checks.dir/src/stage1/output.cpp.o
[ 84%] Building CXX object CMakeFiles/stage1_gcd.dir/src/stage1/types.cpp.o
[ 85%] Building CXX object CMakeFiles/stage1_gcd.dir/src/stage1/parser.cpp.o
[ 86%] Linking CXX static library libhandshake_modules.a
[ 86%] Building CXX object CMakeFiles/stage1_gcd.dir/src/stage1/transform.cpp.o
[ 87%] Building CXX object CMakeFiles/stage1_gcd.dir/src/stage1/compute.cpp.o
[ 88%] Building CXX object CMakeFiles/stage1_gcd.dir/src/stage1/output.cpp.o
[ 88%] Built target handshake_modules
[ 88%] Linking CXX executable stage1_entry_checks
[ 88%] Building CXX object CMakeFiles/stage3_window_gcd.dir/src/stage3_window/main.cpp.o
[ 89%] Building CXX object CMakeFiles/stage3_window_gcd.dir/src/stage3_window/dispatcher.cpp.o
Consolidate compiler generated dependencies of target contract_checks
Consolidate compiler generated dependencies of target stage2_gcd
[ 89%] Building CXX object CMakeFiles/contract_checks.dir/tests/contracts/verify.cpp.o
[ 90%] Building CXX object CMakeFiles/stage2_gcd.dir/src/stage2/main.cpp.o
[ 90%] Linking CXX executable stage1_gcd
Consolidate compiler generated dependencies of target stage3_gcd
[ 91%] Building CXX object CMakeFiles/stage3_gcd.dir/src/stage3/main.cpp.o
Consolidate compiler generated dependencies of target stage2_entry_checks
[ 92%] Building CXX object CMakeFiles/stage2_entry_checks.dir/tests/contracts/model_entry.cpp.o
[ 93%] Linking CXX executable contract_checks
[ 93%] Built target stage1_entry_checks
[ 93%] Built target stage1_gcd
[ 94%] Building CXX object CMakeFiles/stage3_window_gcd.dir/src/stage3_window/collector.cpp.o
Consolidate compiler generated dependencies of target stage3_entry_checks
[ 95%] Building CXX object CMakeFiles/stage3_entry_checks.dir/tests/contracts/model_entry.cpp.o
Consolidate compiler generated dependencies of target stage3_window_entry_checks
[ 95%] Building CXX object CMakeFiles/stage3_window_entry_checks.dir/tests/contracts/model_entry.cpp.o
[ 96%] Building CXX object CMakeFiles/stage3_window_entry_checks.dir/src/stage3_window/dispatcher.cpp.o
[ 96%] Linking CXX executable stage2_gcd
[ 96%] Built target contract_checks
[ 96%] Building CXX object CMakeFiles/stage3_window_entry_checks.dir/src/stage3_window/collector.cpp.o
[ 96%] Linking CXX executable stage2_entry_checks
[ 97%] Building CXX object CMakeFiles/stage3_gcd.dir/src/stage3/dispatcher.cpp.o
[ 97%] Linking CXX executable stage3_window_gcd
[ 97%] Building CXX object CMakeFiles/stage3_gcd.dir/src/stage3/collector.cpp.o
[ 97%] Building CXX object CMakeFiles/stage3_entry_checks.dir/src/stage3/dispatcher.cpp.o
[ 97%] Built target stage2_gcd
[ 98%] Building CXX object CMakeFiles/stage3_entry_checks.dir/src/stage3/collector.cpp.o
[ 98%] Built target stage2_entry_checks
[ 99%] Linking CXX executable stage3_window_entry_checks
[100%] Linking CXX executable stage3_gcd
[100%] Built target stage3_window_gcd
[100%] Linking CXX executable stage3_entry_checks
[100%] Built target stage3_window_entry_checks
[100%] Built target stage3_gcd
[100%] Built target stage3_entry_checks
