[ 48%] Built target systemc
[ 49%] Built target day01_basics
Consolidate compiler generated dependencies of target stage4_trace_checks
Consolidate compiler generated dependencies of target model_support
[ 51%] Built target stage4_trace_checks
[ 52%] Building CXX object CMakeFiles/model_support.dir/src/model/instrumentation/event_recorder.cpp.o
Consolidate compiler generated dependencies of target stage4_parser_checks
[ 56%] Built target stage4_parser_checks
[ 56%] Linking CXX static library libmodel_support.a
Consolidate compiler generated dependencies of target stage4_gcd
Consolidate compiler generated dependencies of target stage4_entry_checks
[ 58%] Built target model_support
[ 75%] Built target stage4_entry_checks
[ 76%] Built target stage4_gcd
Consolidate compiler generated dependencies of target handshake_modules
Consolidate compiler generated dependencies of target stage1_gcd
Consolidate compiler generated dependencies of target stage1_entry_checks
[ 76%] Building CXX object CMakeFiles/handshake_modules.dir/src/stage1/types.cpp.o
[ 77%] Building CXX object CMakeFiles/handshake_modules.dir/src/stage1/output.cpp.o
[ 77%] Building CXX object CMakeFiles/handshake_modules.dir/src/stage1/parser.cpp.o
[ 78%] Building CXX object CMakeFiles/stage1_gcd.dir/src/stage1/main.cpp.o
[ 78%] Building CXX object CMakeFiles/stage1_gcd.dir/src/stage1/types.cpp.o
[ 79%] Building CXX object CMakeFiles/handshake_modules.dir/src/stage2/payload.cpp.o
[ 80%] Building CXX object CMakeFiles/stage1_gcd.dir/src/stage1/parser.cpp.o
[ 81%] Building CXX object CMakeFiles/stage1_entry_checks.dir/tests/contracts/model_entry.cpp.o
[ 81%] Building CXX object CMakeFiles/stage1_entry_checks.dir/src/stage1/types.cpp.o
[ 81%] Building CXX object CMakeFiles/handshake_modules.dir/src/stage2/transform.cpp.o
[ 82%] Building CXX object CMakeFiles/stage1_entry_checks.dir/src/stage1/parser.cpp.o
[ 83%] Building CXX object CMakeFiles/stage1_entry_checks.dir/src/stage1/transform.cpp.o
[ 83%] Building CXX object CMakeFiles/stage1_entry_checks.dir/src/stage1/compute.cpp.o
[ 84%] Building CXX object CMakeFiles/handshake_modules.dir/src/stage2/compute.cpp.o
[ 84%] Building CXX object CMakeFiles/stage1_gcd.dir/src/stage1/transform.cpp.o
[ 85%] Building CXX object CMakeFiles/stage1_gcd.dir/src/stage1/compute.cpp.o
[ 86%] Building CXX object CMakeFiles/stage1_entry_checks.dir/src/stage1/output.cpp.o
[ 87%] Building CXX object CMakeFiles/stage1_gcd.dir/src/stage1/output.cpp.o
[ 88%] Linking CXX static library libhandshake_modules.a
[ 88%] Linking CXX executable stage1_entry_checks
[ 88%] Linking CXX executable stage1_gcd
[ 88%] Built target handshake_modules
Consolidate compiler generated dependencies of target contract_checks
Consolidate compiler generated dependencies of target stage2_gcd
Consolidate compiler generated dependencies of target stage2_entry_checks
[ 88%] Building CXX object CMakeFiles/contract_checks.dir/tests/contracts/verify.cpp.o
[ 89%] Building CXX object CMakeFiles/stage2_gcd.dir/src/stage2/main.cpp.o
[ 90%] Building CXX object CMakeFiles/stage2_entry_checks.dir/tests/contracts/model_entry.cpp.o
Consolidate compiler generated dependencies of target stage3_gcd
Consolidate compiler generated dependencies of target stage3_entry_checks
Consolidate compiler generated dependencies of target stage3_window_gcd
[ 92%] Building CXX object CMakeFiles/stage3_gcd.dir/src/stage3/main.cpp.o
[ 92%] Building CXX object CMakeFiles/stage3_entry_checks.dir/tests/contracts/model_entry.cpp.o
[ 92%] Building CXX object CMakeFiles/stage3_window_gcd.dir/src/stage3_window/main.cpp.o
[ 93%] Linking CXX executable contract_checks
[ 93%] Linking CXX executable stage2_gcd
[ 93%] Linking CXX executable stage2_entry_checks
[ 93%] Built target stage1_gcd
[ 93%] Built target stage1_entry_checks
[ 93%] Building CXX object CMakeFiles/stage3_entry_checks.dir/src/stage3/dispatcher.cpp.o
[ 94%] Building CXX object CMakeFiles/stage3_window_gcd.dir/src/stage3_window/dispatcher.cpp.o
[ 95%] Building CXX object CMakeFiles/stage3_gcd.dir/src/stage3/dispatcher.cpp.o
[ 95%] Building CXX object CMakeFiles/stage3_gcd.dir/src/stage3/collector.cpp.o
Consolidate compiler generated dependencies of target stage3_window_entry_checks
[ 95%] Building CXX object CMakeFiles/stage3_window_entry_checks.dir/tests/contracts/model_entry.cpp.o
[ 96%] Building CXX object CMakeFiles/stage3_entry_checks.dir/src/stage3/collector.cpp.o
[ 97%] Building CXX object CMakeFiles/stage3_window_entry_checks.dir/src/stage3_window/dispatcher.cpp.o
[ 98%] Building CXX object CMakeFiles/stage3_window_gcd.dir/src/stage3_window/collector.cpp.o
[ 99%] Linking CXX executable stage3_gcd
[ 99%] Built target contract_checks
[ 99%] Building CXX object CMakeFiles/stage3_window_entry_checks.dir/src/stage3_window/collector.cpp.o
[ 99%] Linking CXX executable stage3_entry_checks
[ 99%] Linking CXX executable stage3_window_gcd
[ 99%] Built target stage2_gcd
[ 99%] Built target stage2_entry_checks
[100%] Linking CXX executable stage3_window_entry_checks
[100%] Built target stage3_gcd
[100%] Built target stage3_entry_checks
[100%] Built target stage3_window_gcd
[100%] Built target stage3_window_entry_checks
