[1/45] Building CXX object CMakeFiles/model_support.dir/src/model/instrumentation/event_recorder.cpp.obj
[2/45] Building CXX object CMakeFiles/handshake_modules.dir/src/stage1/types.cpp.obj
[3/45] Linking CXX static library libmodel_support.a
[4/45] Building CXX object CMakeFiles/stage1_gcd.dir/src/stage1/types.cpp.obj
[5/45] Building CXX object CMakeFiles/handshake_modules.dir/src/stage1/parser.cpp.obj
[6/45] Building CXX object CMakeFiles/handshake_modules.dir/src/stage1/output.cpp.obj
[7/45] Building CXX object CMakeFiles/handshake_modules.dir/src/stage2/payload.cpp.obj
[8/45] Building CXX object CMakeFiles/handshake_modules.dir/src/stage2/compute.cpp.obj
[9/45] Building CXX object CMakeFiles/handshake_modules.dir/src/stage2/transform.cpp.obj
[10/45] Building CXX object CMakeFiles/stage1_gcd.dir/src/stage1/parser.cpp.obj
[11/45] Building CXX object CMakeFiles/stage1_gcd.dir/src/stage1/transform.cpp.obj
[12/45] Linking CXX static library libhandshake_modules.a
[13/45] Building CXX object CMakeFiles/stage1_gcd.dir/src/stage1/output.cpp.obj
[14/45] Building CXX object CMakeFiles/stage1_gcd.dir/src/stage1/compute.cpp.obj
[15/45] Building CXX object CMakeFiles/stage1_gcd.dir/src/stage1/main.cpp.obj
[16/45] Building CXX object CMakeFiles/stage3_gcd.dir/src/stage3/collector.cpp.obj
[17/45] Building CXX object CMakeFiles/stage3_gcd.dir/src/stage3/dispatcher.cpp.obj
[18/45] Building CXX object CMakeFiles/stage3_window_gcd.dir/src/stage3_window/collector.cpp.obj
[19/45] Building CXX object CMakeFiles/stage1_entry_checks.dir/src/stage1/types.cpp.obj
[20/45] Building CXX object CMakeFiles/stage2_gcd.dir/src/stage2/main.cpp.obj
[21/45] Building CXX object CMakeFiles/stage3_window_gcd.dir/src/stage3_window/dispatcher.cpp.obj
[22/45] Building CXX object CMakeFiles/contract_checks.dir/tests/contracts/verify.cpp.obj
[23/45] Building CXX object CMakeFiles/stage3_gcd.dir/src/stage3/main.cpp.obj
[24/45] Building CXX object CMakeFiles/stage1_entry_checks.dir/src/stage1/parser.cpp.obj
[25/45] Building CXX object CMakeFiles/stage1_entry_checks.dir/src/stage1/transform.cpp.obj
[26/45] Building CXX object CMakeFiles/stage1_entry_checks.dir/src/stage1/output.cpp.obj
[27/45] Building CXX object CMakeFiles/stage3_window_gcd.dir/src/stage3_window/main.cpp.obj
[28/45] Building CXX object CMakeFiles/stage1_entry_checks.dir/src/stage1/compute.cpp.obj
[29/45] Building CXX object CMakeFiles/stage1_entry_checks.dir/tests/contracts/model_entry.cpp.obj
[30/45] Linking CXX executable stage1_gcd.exe
[31/45] Linking CXX executable stage2_gcd.exe
[32/45] Building CXX object CMakeFiles/stage3_entry_checks.dir/src/stage3/collector.cpp.obj
[33/45] Linking CXX executable stage3_gcd.exe
[34/45] Linking CXX executable stage3_window_gcd.exe
[35/45] Linking CXX executable contract_checks.exe
[36/45] Building CXX object CMakeFiles/stage3_entry_checks.dir/src/stage3/dispatcher.cpp.obj
[37/45] Linking CXX executable stage1_entry_checks.exe
[38/45] Building CXX object CMakeFiles/stage3_window_entry_checks.dir/src/stage3_window/collector.cpp.obj
[39/45] Building CXX object CMakeFiles/stage3_window_entry_checks.dir/src/stage3_window/dispatcher.cpp.obj
[40/45] Building CXX object CMakeFiles/stage2_entry_checks.dir/tests/contracts/model_entry.cpp.obj
[41/45] Linking CXX executable stage2_entry_checks.exe
[42/45] Building CXX object CMakeFiles/stage3_entry_checks.dir/tests/contracts/model_entry.cpp.obj
[43/45] Linking CXX executable stage3_entry_checks.exe
[44/45] Building CXX object CMakeFiles/stage3_window_entry_checks.dir/tests/contracts/model_entry.cpp.obj
[45/45] Linking CXX executable stage3_window_entry_checks.exe
